Archive member included to satisfy reference by file (symbol)

C:/Users/34236/Downloads/softwares/arm-gnu-toolchain-13.3.rel1-mingw-w64-i686-arm-none-eabi/bin/../lib/gcc/arm-none-eabi/13.3.1/thumb/v7-m/nofp\libc_nano.a(libc_a-exit.o)
                              C:/Users/34236/Downloads/softwares/arm-gnu-toolchain-13.3.rel1-mingw-w64-i686-arm-none-eabi/bin/../lib/gcc/arm-none-eabi/13.3.1/thumb/v7-m/nofp/crt0.o (exit)
C:/Users/34236/Downloads/softwares/arm-gnu-toolchain-13.3.rel1-mingw-w64-i686-arm-none-eabi/bin/../lib/gcc/arm-none-eabi/13.3.1/thumb/v7-m/nofp\libc_nano.a(libc_a-findfp.o)
                              C:/Users/34236/Downloads/softwares/arm-gnu-toolchain-13.3.rel1-mingw-w64-i686-arm-none-eabi/bin/../lib/gcc/arm-none-eabi/13.3.1/thumb/v7-m/nofp\libc_nano.a(libc_a-exit.o) (__stdio_exit_handler)
C:/Users/34236/Downloads/softwares/arm-gnu-toolchain-13.3.rel1-mingw-w64-i686-arm-none-eabi/bin/../lib/gcc/arm-none-eabi/13.3.1/thumb/v7-m/nofp\libc_nano.a(libc_a-fwalk.o)
                              C:/Users/34236/Downloads/softwares/arm-gnu-toolchain-13.3.rel1-mingw-w64-i686-arm-none-eabi/bin/../lib/gcc/arm-none-eabi/13.3.1/thumb/v7-m/nofp\libc_nano.a(libc_a-findfp.o) (_fwalk_sglue)
C:/Users/34236/Downloads/softwares/arm-gnu-toolchain-13.3.rel1-mingw-w64-i686-arm-none-eabi/bin/../lib/gcc/arm-none-eabi/13.3.1/thumb/v7-m/nofp\libc_nano.a(libc_a-stdio.o)
                              C:/Users/34236/Downloads/softwares/arm-gnu-toolchain-13.3.rel1-mingw-w64-i686-arm-none-eabi/bin/../lib/gcc/arm-none-eabi/13.3.1/thumb/v7-m/nofp\libc_nano.a(libc_a-findfp.o) (__sread)
C:/Users/34236/Downloads/softwares/arm-gnu-toolchain-13.3.rel1-mingw-w64-i686-arm-none-eabi/bin/../lib/gcc/arm-none-eabi/13.3.1/thumb/v7-m/nofp\libc_nano.a(libc_a-memset.o)
                              C:/Users/34236/Downloads/softwares/arm-gnu-toolchain-13.3.rel1-mingw-w64-i686-arm-none-eabi/bin/../lib/gcc/arm-none-eabi/13.3.1/thumb/v7-m/nofp/crt0.o (memset)
C:/Users/34236/Downloads/softwares/arm-gnu-toolchain-13.3.rel1-mingw-w64-i686-arm-none-eabi/bin/../lib/gcc/arm-none-eabi/13.3.1/thumb/v7-m/nofp\libc_nano.a(libc_a-closer.o)
                              C:/Users/34236/Downloads/softwares/arm-gnu-toolchain-13.3.rel1-mingw-w64-i686-arm-none-eabi/bin/../lib/gcc/arm-none-eabi/13.3.1/thumb/v7-m/nofp\libc_nano.a(libc_a-stdio.o) (_close_r)
C:/Users/34236/Downloads/softwares/arm-gnu-toolchain-13.3.rel1-mingw-w64-i686-arm-none-eabi/bin/../lib/gcc/arm-none-eabi/13.3.1/thumb/v7-m/nofp\libc_nano.a(libc_a-reent.o)
                              C:/Users/34236/Downloads/softwares/arm-gnu-toolchain-13.3.rel1-mingw-w64-i686-arm-none-eabi/bin/../lib/gcc/arm-none-eabi/13.3.1/thumb/v7-m/nofp\libc_nano.a(libc_a-closer.o) (errno)
C:/Users/34236/Downloads/softwares/arm-gnu-toolchain-13.3.rel1-mingw-w64-i686-arm-none-eabi/bin/../lib/gcc/arm-none-eabi/13.3.1/thumb/v7-m/nofp\libc_nano.a(libc_a-impure.o)
                              C:/Users/34236/Downloads/softwares/arm-gnu-toolchain-13.3.rel1-mingw-w64-i686-arm-none-eabi/bin/../lib/gcc/arm-none-eabi/13.3.1/thumb/v7-m/nofp\libc_nano.a(libc_a-reent.o) (_impure_ptr)
C:/Users/34236/Downloads/softwares/arm-gnu-toolchain-13.3.rel1-mingw-w64-i686-arm-none-eabi/bin/../lib/gcc/arm-none-eabi/13.3.1/thumb/v7-m/nofp\libc_nano.a(libc_a-lseekr.o)
                              C:/Users/34236/Downloads/softwares/arm-gnu-toolchain-13.3.rel1-mingw-w64-i686-arm-none-eabi/bin/../lib/gcc/arm-none-eabi/13.3.1/thumb/v7-m/nofp\libc_nano.a(libc_a-stdio.o) (_lseek_r)
C:/Users/34236/Downloads/softwares/arm-gnu-toolchain-13.3.rel1-mingw-w64-i686-arm-none-eabi/bin/../lib/gcc/arm-none-eabi/13.3.1/thumb/v7-m/nofp\libc_nano.a(libc_a-readr.o)
                              C:/Users/34236/Downloads/softwares/arm-gnu-toolchain-13.3.rel1-mingw-w64-i686-arm-none-eabi/bin/../lib/gcc/arm-none-eabi/13.3.1/thumb/v7-m/nofp\libc_nano.a(libc_a-stdio.o) (_read_r)
C:/Users/34236/Downloads/softwares/arm-gnu-toolchain-13.3.rel1-mingw-w64-i686-arm-none-eabi/bin/../lib/gcc/arm-none-eabi/13.3.1/thumb/v7-m/nofp\libc_nano.a(libc_a-writer.o)
                              C:/Users/34236/Downloads/softwares/arm-gnu-toolchain-13.3.rel1-mingw-w64-i686-arm-none-eabi/bin/../lib/gcc/arm-none-eabi/13.3.1/thumb/v7-m/nofp\libc_nano.a(libc_a-stdio.o) (_write_r)
C:/Users/34236/Downloads/softwares/arm-gnu-toolchain-13.3.rel1-mingw-w64-i686-arm-none-eabi/bin/../lib/gcc/arm-none-eabi/13.3.1/thumb/v7-m/nofp\libc_nano.a(libc_a-init.o)
                              C:/Users/34236/Downloads/softwares/arm-gnu-toolchain-13.3.rel1-mingw-w64-i686-arm-none-eabi/bin/../lib/gcc/arm-none-eabi/13.3.1/thumb/v7-m/nofp/crt0.o (__libc_init_array)
C:/Users/34236/Downloads/softwares/arm-gnu-toolchain-13.3.rel1-mingw-w64-i686-arm-none-eabi/bin/../lib/gcc/arm-none-eabi/13.3.1/thumb/v7-m/nofp\libc_nano.a(libc_a-lock.o)
[...]
Memory Configuration

Name             Origin             Length             Attributes
RAM              0x20000000         0x00005000         xrw
FLASH            0x08000000         0x00010000         xr
*default*        0x00000000         0xffffffff

Linker script and memory map

LOAD C:/Users/34236/Downloads/softwares/arm-gnu-toolchain-13.3.rel1-mingw-w64-i686-arm-none-eabi/bin/../lib/gcc/arm-none-eabi/13.3.1/thumb/v7-m/nofp/crti.o
LOAD C:/Users/34236/Downloads/softwares/arm-gnu-toolchain-13.3.rel1-mingw-w64-i686-arm-none-eabi/bin/../lib/gcc/arm-none-eabi/13.3.1/thumb/v7-m/nofp/crtbegin.o
LOAD C:/Users/34236/Downloads/softwares/arm-gnu-toolchain-13.3.rel1-mingw-w64-i686-arm-none-eabi/bin/../lib/gcc/arm-none-eabi/13.3.1/thumb/v7-m/nofp/crt0.o
START GROUP
LOAD C:/Users/34236/Downloads/softwares/arm-gnu-toolchain-13.3.rel1-mingw-w64-i686-arm-none-eabi/bin/../lib/gcc/arm-none-eabi/13.3.1/thumb/v7-m/nofp\libc_nano.a
LOAD C:/Users/34236/Downloads/softwares/arm-gnu-toolchain-13.3.rel1-mingw-w64-i686-arm-none-eabi/bin/../lib/gcc/arm-none-eabi/13.3.1/thumb/v7-m/nofp\libm.a
END GROUP
LOAD CMakeFiles/task3.dir/Core/Src/mpu6050.c.obj
LOAD CMakeFiles/task3.dir/Core/Src/main.c.obj
LOAD CMakeFiles/task3.dir/Core/Src/gpio.c.obj
LOAD CMakeFiles/task3.dir/Core/Src/i2c.c.obj
LOAD CMakeFiles/task3.dir/Core/Src/tim.c.obj
LOAD CMakeFiles/task3.dir/Core/Src/usart.c.obj
LOAD CMakeFiles/task3.dir/Core/Src/stm32f1xx_it.c.obj
LOAD CMakeFiles/task3.dir/Core/Src/stm32f1xx_hal_msp.c.obj
LOAD CMakeFiles/task3.dir/Drivers/STM32F1xx_HAL_Driver/Src/stm32f1xx_hal_gpio_ex.c.obj
LOAD CMakeFiles/task3.dir/Drivers/STM32F1xx_HAL_Driver/Src/stm32f1xx_hal_i2c.c.obj
LOAD CMakeFiles/task3.dir/Drivers/STM32F1xx_HAL_Driver/Src/stm32f1xx_hal.c.obj
LOAD CMakeFiles/task3.dir/Drivers/STM32F1xx_HAL_Driver/Src/stm32f1xx_hal_rcc.c.obj
LOAD CMakeFiles/task3.dir/Drivers/STM32F1xx_HAL_Driver/Src/stm32f1xx_hal_rcc_ex.c.obj
LOAD CMakeFiles/task3.dir/Drivers/STM32F1xx_HAL_Driver/Src/stm32f1xx_hal_gpio.c.obj
LOAD CMakeFiles/task3.dir/Drivers/STM32F1xx_HAL_Driver/Src/stm32f1xx_hal_dma.c.obj
LOAD CMakeFiles/task3.dir/Drivers/STM32F1xx_HAL_Driver/Src/stm32f1xx_hal_cortex.c.obj
LOAD CMakeFiles/task3.dir/Drivers/STM32F1xx_HAL_Driver/Src/stm32f1xx_hal_pwr.c.obj
LOAD CMakeFiles/task3.dir/Drivers/STM32F1xx_HAL_Driver/Src/stm32f1xx_hal_flash.c.obj
LOAD CMakeFiles/task3.dir/Drivers/STM32F1xx_HAL_Driver/Src/stm32f1xx_hal_flash_ex.c.obj
LOAD CMakeFiles/task3.dir/Drivers/STM32F1xx_HAL_Driver/Src/stm32f1xx_hal_exti.c.obj
LOAD CMakeFiles/task3.dir/Drivers/STM32F1xx_HAL_Driver/Src/stm32f1xx_hal_tim.c.obj
LOAD CMakeFiles/task3.dir/Drivers/STM32F1xx_HAL_Driver/Src/stm32f1xx_hal_tim_ex.c.obj
LOAD CMakeFiles/task3.dir/Drivers/STM32F1xx_HAL_Driver/Src/stm32f1xx_hal_uart.c.obj
LOAD CMakeFiles/task3.dir/Core/Src/system_stm32f1xx.c.obj
LOAD CMakeFiles/task3.dir/Core/Src/sysmem.c.obj
LOAD CMakeFiles/task3.dir/Core/Src/syscalls.c.obj
LOAD CMakeFiles/task3.dir/startup_stm32f103xb.s.obj
START GROUP
LOAD C:/Users/34236/Downloads/softwares/arm-gnu-toolchain-13.3.rel1-mingw-w64-i686-arm-none-eabi/bin/../lib/gcc/arm-none-eabi/13.3.1/thumb/v7-m/nofp\libgcc.a
LOAD C:/Users/34236/Downloads/softwares/arm-gnu-toolchain-13.3.rel1-mingw-w64-i686-arm-none-eabi/bin/../lib/gcc/arm-none-eabi/13.3.1/thumb/v7-m/nofp\libg_nano.a
LOAD C:/Users/34236/Downloads/softwares/arm-gnu-toolchain-13.3.rel1-mingw-w64-i686-arm-none-eabi/bin/../lib/gcc/arm-none-eabi/13.3.1/thumb/v7-m/nofp\libc_nano.a
END GROUP
START GROUP
LOAD C:/Users/34236/Downloads/softwares/arm-gnu-toolchain-13.3.rel1-mingw-w64-i686-arm-none-eabi/bin/../lib/gcc/arm-none-eabi/13.3.1/thumb/v7-m/nofp\libgcc.a
LOAD C:/Users/34236/Downloads/softwares/arm-gnu-toolchain-13.3.rel1-mingw-w64-i686-arm-none-eabi/bin/../lib/gcc/arm-none-eabi/13.3.1/thumb/v7-m/nofp\libc_nano.a
END GROUP
LOAD C:/Users/34236/Downloads/softwares/arm-gnu-toolchain-13.3.rel1-mingw-w64-i686-arm-none-eabi/bin/../lib/gcc/arm-none-eabi/13.3.1/thumb/v7-m/nofp/crtend.o
LOAD C:/Users/34236/Downloads/softwares/arm-gnu-toolchain-13.3.rel1-mingw-w64-i686-arm-none-eabi/bin/../lib/gcc/arm-none-eabi/13.3.1/thumb/v7-m/nofp/crtn.o
                0x20005000                        _estack = (ORIGIN (RAM) + LENGTH (RAM))
                0x00000200                        _Min_Heap_Size = 0x200
                0x00000400                        _Min_Stack_Size = 0x400

.isr_vector     0x08000000      0x10c
                0x08000000                        . = ALIGN (0x4)
 *(.isr_vector)
 .isr_vector    0x08000000      0x10c CMakeFiles/task3.dir/startup_stm32f103xb.s.obj
                0x08000000                g_pfnVectors
                0x0800010c                        . = ALIGN (0x4)

.text           0x08000110     0x4dd8
                0x08000110                        . = ALIGN (0x4)
 *(.text)
 .text          0x08000110      0x168 C:/Users/34236/Downloads/softwares/arm-gnu-toolchain-13.3.rel1-mingw-w64-i686-arm-none-eabi/bin/../lib/gcc/arm-none-eabi/13.3.1/thumb/v7-m/nofp\libgcc.a(_arm_mulsf3.o)
                0x08000110                __aeabi_fmul
                0x08000110                __mulsf3
 .text          0x08000278      0x378 C:/Users/34236/Downloads/softwares/arm-gnu-toolchain-13.3.rel1-mingw-w64-i686-arm-none-eabi/bin/../lib/gcc/arm-none-eabi/13.3.1/thumb/v7-m/nofp\libgcc.a(_arm_addsubdf3.o)
                0x08000278                __aeabi_drsub
                0x08000280                __aeabi_dsub
                0x08000280                __subdf3
                0x08000284                __aeabi_dadd
                0x08000284                __adddf3
                0x080004fc                __floatunsidf
                0x080004fc                __aeabi_ui2d
                0x0800051c                __floatsidf
                0x0800051c                __aeabi_i2d
                0x08000540                __aeabi_f2d
                0x08000540                __extendsfdf2
                0x08000584                __floatundidf
                0x08000584                __aeabi_ul2d
                0x08000594                __floatdidf
                0x08000594                __aeabi_l2d
 .text          0x080005f0      0x424 C:/Users/34236/Downloads/softwares/arm-gnu-toolchain-13.3.rel1-mingw-w64-i686-arm-none-eabi/bin/../lib/gcc/arm-none-eabi/13.3.1/thumb/v7-m/nofp\libgcc.a(_arm_muldivdf3.o)
                0x080005f0                __aeabi_dmul
                0x080005f0                __muldf3
                0x08000844                __divdf3
                0x08000844                __aeabi_ddiv
 .text          0x08000a14      0x110 C:/Users/34236/Downloads/softwares/arm-gnu-toolchain-13.3.rel1-mingw-w64-i686-arm-none-eabi/bin/../lib/gcc/arm-none-eabi/13.3.1/thumb/v7-m/nofp\libgcc.a(_arm_cmpdf2.o)
                0x08000a14                __gtdf2
                0x08000a14                __gedf2
                0x08000a1c                __ltdf2
                0x08000a1c                __ledf2
                0x08000a24                __nedf2
                0x08000a24                __eqdf2
                0x08000a24                __cmpdf2
                0x08000aa0                __aeabi_cdrcmple
                0x08000ab0                __aeabi_cdcmpeq
                0x08000ab0                __aeabi_cdcmple
                0x08000ac0                __aeabi_dcmpeq
                0x08000ad4                __aeabi_dcmplt
                0x08000ae8                __aeabi_dcmple
                0x08000afc                __aeabi_dcmpge
                0x08000b10                __aeabi_dcmpgt
 .text          0x08000b24       0xa0 C:/Users/34236/Downloads/softwares/arm-gnu-toolchain-13.3.rel1-mingw-w64-i686-arm-none-eabi/bin/../lib/gcc/arm-none-eabi/13.3.1/thumb/v7-m/nofp\libgcc.a(_arm_truncdfsf2.o)
                0x08000b24                __truncdfsf2
                0x08000b24                __aeabi_d2f
 .text          0x08000bc4      0x21c C:/Users/34236/Downloads/softwares/arm-gnu-toolchain-13.3.rel1-mingw-w64-i686-arm-none-eabi/bin/../lib/gcc/arm-none-eabi/13.3.1/thumb/v7-m/nofp\libgcc.a(_arm_addsubsf3.o)
                0x08000bc4                __aeabi_frsub
                0x08000bcc                __subsf3
                0x08000bcc                __aeabi_fsub
                0x08000bd0                __aeabi_fadd
                0x08000bd0                __addsf3
                0x08000d30                __aeabi_ui2f
                0x08000d30                __floatunsisf
                0x08000d38                __aeabi_i2f
                0x08000d38                __floatsisf
                0x08000d54                __aeabi_ul2f
                0x08000d54                __floatundisf
                0x08000d64                __aeabi_l2f
                0x08000d64                __floatdisf
 .text          0x08000de0       0xec C:/Users/34236/Downloads/softwares/arm-gnu-toolchain-13.3.rel1-mingw-w64-i686-arm-none-eabi/bin/../lib/gcc/arm-none-eabi/13.3.1/thumb/v7-m/nofp\libgcc.a(_arm_cmpsf2.o)
                0x08000de0                __gesf2
                0x08000de0                __gtsf2
                0x08000de8                __lesf2
                0x08000de8                __ltsf2
                0x08000df0                __nesf2
                0x08000df0                __eqsf2
                0x08000df0                __cmpsf2
                0x08000e50                __aeabi_cfrcmple
                0x08000e58                __aeabi_cfcmpeq
                0x08000e58                __aeabi_cfcmple
                0x08000e68                __aeabi_fcmpeq
                0x08000e7c                __aeabi_fcmplt
                0x08000e90                __aeabi_fcmple
                0x08000ea4                __aeabi_fcmpge
                0x08000eb8                __aeabi_fcmpgt
 .text          0x08000ecc       0x4c C:/Users/34236/Downloads/softwares/arm-gnu-toolchain-13.3.rel1-mingw-w64-i686-arm-none-eabi/bin/../lib/gcc/arm-none-eabi/13.3.1/thumb/v7-m/nofp\libgcc.a(_arm_fixsfsi.o)
                0x08000ecc                __aeabi_f2iz
                0x08000ecc                __fixsfsi
 *(.text*)
 .text.deregister_tm_clones
                0x08000f18       0x1c C:/Users/34236/Downloads/softwares/arm-gnu-toolchain-13.3.rel1-mingw-w64-i686-arm-none-eabi/bin/../lib/gcc/arm-none-eabi/13.3.1/thumb/v7-m/nofp/crtbegin.o
 .text.register_tm_clones
                0x08000f34       0x24 C:/Users/34236/Downloads/softwares/arm-gnu-toolchain-13.3.rel1-mingw-w64-i686-arm-none-eabi/bin/../lib/gcc/arm-none-eabi/13.3.1/thumb/v7-m/nofp/crtbegin.o
 .text.__do_global_dtors_aux
                0x08000f58       0x28 C:/Users/34236/Downloads/softwares/arm-gnu-toolchain-13.3.rel1-mingw-w64-i686-arm-none-eabi/bin/../lib/gcc/arm-none-eabi/13.3.1/thumb/v7-m/nofp/crtbegin.o
 .text.frame_dummy
                0x08000f80       0x24 C:/Users/34236/Downloads/softwares/arm-gnu-toolchain-13.3.rel1-mingw-w64-i686-arm-none-eabi/bin/../lib/gcc/arm-none-eabi/13.3.1/thumb/v7-m/nofp/crtbegin.o
 .text.memset   0x08000fa4       0x10 C:/Users/34236/Downloads/softwares/arm-gnu-toolchain-13.3.rel1-mingw-w64-i686-arm-none-eabi/bin/../lib/gcc/arm-none-eabi/13.3.1/thumb/v7-m/nofp\libc_nano.a(libc_a-memset.o)
                0x08000fa4                memset
 .text.__libc_init_array
                0x08000fb4       0x48 C:/Users/34236/Downloads/softwares/arm-gnu-toolchain-13.3.rel1-mingw-w64-i686-arm-none-eabi/bin/../lib/gcc/arm-none-eabi/13.3.1/thumb/v7-m/nofp\libc_nano.a(libc_a-init.o)
                0x08000fb4                __libc_init_array
 .text.MPU6050_Init
                0x08000ffc       0xe8 CMakeFiles/task3.dir/Core/Src/mpu6050.c.obj
                0x08000ffc                MPU6050_Init
 .text.MPU6050_Read_Accel
                0x080010e4       0xfc CMakeFiles/task3.dir/Core/Src/mpu6050.c.obj
                0x080010e4                MPU6050_Read_Accel
 .text.MPU6050_Read_Gyro
                0x080011e0      0x140 CMakeFiles/task3.dir/Core/Src/mpu6050.c.obj
                0x080011e0                MPU6050_Read_Gyro
 .text.main     0x08001320      0x32c CMakeFiles/task3.dir/Core/Src/main.c.obj
                0x08001320                main
 .text.SystemClock_Config
                0x0800164c       0x8a CMakeFiles/task3.dir/Core/Src/main.c.obj
                0x0800164c                SystemClock_Config
 .text.Error_Handler
                0x080016d6        0xc CMakeFiles/task3.dir/Core/Src/main.c.obj
                0x080016d6                Error_Handler
 *fill*         0x080016e2        0x2 
 .text.MX_GPIO_Init
                0x080016e4       0x5c CMakeFiles/task3.dir/Core/Src/gpio.c.obj
                0x080016e4                MX_GPIO_Init
 .text.MX_I2C1_Init
                0x08001740       0x5c CMakeFiles/task3.dir/Core/Src/i2c.c.obj
                0x08001740                MX_I2C1_Init
 .text.HAL_I2C_MspInit
                0x0800179c       0x7c CMakeFiles/task3.dir/Core/Src/i2c.c.obj
                0x0800179c                HAL_I2C_MspInit
 .text.MX_TIM1_Init
                0x08001818       0xa0 CMakeFiles/task3.dir/Core/Src/tim.c.obj
                0x08001818                MX_TIM1_Init
 .text.MX_TIM2_Init
                0x080018b8       0xec CMakeFiles/task3.dir/Core/Src/tim.c.obj
                0x080018b8                MX_TIM2_Init
 .text.MX_TIM3_Init
                0x080019a4       0xec CMakeFiles/task3.dir/Core/Src/tim.c.obj
                0x080019a4                MX_TIM3_Init
 .text.HAL_TIM_Base_MspInit
                0x08001a90       0x88 CMakeFiles/task3.dir/Core/Src/tim.c.obj
                0x08001a90                HAL_TIM_Base_MspInit
 .text.HAL_TIM_MspPostInit
                0x08001b18       0xa0 CMakeFiles/task3.dir/Core/Src/tim.c.obj
                0x08001b18                HAL_TIM_MspPostInit
 .text.MX_USART1_UART_Init
                0x08001bb8       0x54 CMakeFiles/task3.dir/Core/Src/usart.c.obj
                0x08001bb8                MX_USART1_UART_Init
 .text.HAL_UART_MspInit
                0x08001c0c       0x98 CMakeFiles/task3.dir/Core/Src/usart.c.obj
                0x08001c0c                HAL_UART_MspInit
 .text.NMI_Handler
                0x08001ca4        0x8 CMakeFiles/task3.dir/Core/Src/stm32f1xx_it.c.obj
                0x08001ca4                NMI_Handler
 .text.HardFault_Handler
                0x08001cac        0x8 CMakeFiles/task3.dir/Core/Src/stm32f1xx_it.c.obj
                0x08001cac                HardFault_Handler
 .text.MemManage_Handler
                0x08001cb4        0x8 CMakeFiles/task3.dir/Core/Src/stm32f1xx_it.c.obj
                0x08001cb4                MemManage_Handler
 .text.BusFault_Handler
                0x08001cbc        0x8 CMakeFiles/task3.dir/Core/Src/stm32f1xx_it.c.obj
                0x08001cbc                BusFault_Handler
 .text.UsageFault_Handler
                0x08001cc4        0x8 CMakeFiles/task3.dir/Core/Src/stm32f1xx_it.c.obj
                0x08001cc4                UsageFault_Handler
 .text.SVC_Handler
                0x08001ccc        0xc CMakeFiles/task3.dir/Core/Src/stm32f1xx_it.c.obj
                0x08001ccc                SVC_Handler
 .text.DebugMon_Handler
                0x08001cd8        0xc CMakeFiles/task3.dir/Core/Src/stm32f1xx_it.c.obj
                0x08001cd8                DebugMon_Handler
 .text.PendSV_Handler
                0x08001ce4        0xc CMakeFiles/task3.dir/Core/Src/stm32f1xx_it.c.obj
                0x08001ce4                PendSV_Handler
 .text.SysTick_Handler
                0x08001cf0        0xc CMakeFiles/task3.dir/Core/Src/stm32f1xx_it.c.obj
                0x08001cf0                SysTick_Handler
 .text.HAL_MspInit
                0x08001cfc       0x64 CMakeFiles/task3.dir/Core/Src/stm32f1xx_hal_msp.c.obj
                0x08001cfc                HAL_MspInit
 .text.HAL_I2C_Init
                0x08001d60      0x288 CMakeFiles/task3.dir/Drivers/STM32F1xx_HAL_Driver/Src/stm32f1xx_hal_i2c.c.obj
                0x08001d60                HAL_I2C_Init
 .text.HAL_I2C_Mem_Write
                0x08001fe8      0x1f4 CMakeFiles/task3.dir/Drivers/STM32F1xx_HAL_Driver/Src/stm32f1xx_hal_i2c.c.obj
                0x08001fe8                HAL_I2C_Mem_Write
 .text.HAL_I2C_Mem_Read
                0x080021dc      0x4e8 CMakeFiles/task3.dir/Drivers/STM32F1xx_HAL_Driver/Src/stm32f1xx_hal_i2c.c.obj
                0x080021dc                HAL_I2C_Mem_Read
 .text.I2C_RequestMemoryWrite
                0x080026c4      0x12c CMakeFiles/task3.dir/Drivers/STM32F1xx_HAL_Driver/Src/stm32f1xx_hal_i2c.c.obj
 .text.I2C_RequestMemoryRead
                0x080027f0      0x1d0 CMakeFiles/task3.dir/Drivers/STM32F1xx_HAL_Driver/Src/stm32f1xx_hal_i2c.c.obj
 .text.I2C_WaitOnFlagUntilTimeout
                0x080029c0       0xf4 CMakeFiles/task3.dir/Drivers/STM32F1xx_HAL_Driver/Src/stm32f1xx_hal_i2c.c.obj
 .text.I2C_WaitOnMasterAddressFlagUntilTimeout
                0x08002ab4      0x140 CMakeFiles/task3.dir/Drivers/STM32F1xx_HAL_Driver/Src/stm32f1xx_hal_i2c.c.obj
 .text.I2C_WaitOnTXEFlagUntilTimeout
                0x08002bf4       0x90 CMakeFiles/task3.dir/Drivers/STM32F1xx_HAL_Driver/Src/stm32f1xx_hal_i2c.c.obj
 .text.I2C_WaitOnBTFFlagUntilTimeout
                0x08002c84       0x90 CMakeFiles/task3.dir/Drivers/STM32F1xx_HAL_Driver/Src/stm32f1xx_hal_i2c.c.obj
 .text.I2C_WaitOnRXNEFlagUntilTimeout
                0x08002d14       0xba CMakeFiles/task3.dir/Drivers/STM32F1xx_HAL_Driver/Src/stm32f1xx_hal_i2c.c.obj
 .text.I2C_IsAcknowledgeFailed
                0x08002dce       0x5c CMakeFiles/task3.dir/Drivers/STM32F1xx_HAL_Driver/Src/stm32f1xx_hal_i2c.c.obj
 *fill*         0x08002e2a        0x2 
 .text.HAL_Init
                0x08002e2c       0x2c CMakeFiles/task3.dir/Drivers/STM32F1xx_HAL_Driver/Src/stm32f1xx_hal.c.obj
                0x08002e2c                HAL_Init
 .text.HAL_InitTick
                0x08002e58       0x60 CMakeFiles/task3.dir/Drivers/STM32F1xx_HAL_Driver/Src/stm32f1xx_hal.c.obj
                0x08002e58                HAL_InitTick
 .text.HAL_IncTick
                0x08002eb8       0x24 CMakeFiles/task3.dir/Drivers/STM32F1xx_HAL_Driver/Src/stm32f1xx_hal.c.obj
                0x08002eb8                HAL_IncTick
 .text.HAL_GetTick
                0x08002edc       0x14 CMakeFiles/task3.dir/Drivers/STM32F1xx_HAL_Driver/Src/stm32f1xx_hal.c.obj
                0x08002edc                HAL_GetTick
 .text.HAL_Delay
                0x08002ef0       0x48 CMakeFiles/task3.dir/Drivers/STM32F1xx_HAL_Driver/Src/stm32f1xx_hal.c.obj
                0x08002ef0                HAL_Delay
 .text.HAL_RCC_OscConfig
                0x08002f38      0x504 CMakeFiles/task3.dir/Drivers/STM32F1xx_HAL_Driver/Src/stm32f1xx_hal_rcc.c.obj
                0x08002f38                HAL_RCC_OscConfig
 .text.HAL_RCC_ClockConfig
                0x0800343c      0x1d4 CMakeFiles/task3.dir/Drivers/STM32F1xx_HAL_Driver/Src/stm32f1xx_hal_rcc.c.obj
                0x0800343c                HAL_RCC_ClockConfig
 .text.HAL_RCC_GetSysClockFreq
                0x08003610       0xa8 CMakeFiles/task3.dir/Drivers/STM32F1xx_HAL_Driver/Src/stm32f1xx_hal_rcc.c.obj
                0x08003610                HAL_RCC_GetSysClockFreq
 .text.HAL_RCC_GetHCLKFreq
                0x080036b8       0x14 CMakeFiles/task3.dir/Drivers/STM32F1xx_HAL_Driver/Src/stm32f1xx_hal_rcc.c.obj
                0x080036b8                HAL_RCC_GetHCLKFreq
 .text.HAL_RCC_GetPCLK1Freq
                0x080036cc       0x28 CMakeFiles/task3.dir/Drivers/STM32F1xx_HAL_Driver/Src/stm32f1xx_hal_rcc.c.obj
                0x080036cc                HAL_RCC_GetPCLK1Freq
 .text.HAL_RCC_GetPCLK2Freq
                0x080036f4       0x28 CMakeFiles/task3.dir/Drivers/STM32F1xx_HAL_Driver/Src/stm32f1xx_hal_rcc.c.obj
                0x080036f4                HAL_RCC_GetPCLK2Freq
 .text.RCC_Delay
                0x0800371c       0x3c CMakeFiles/task3.dir/Drivers/STM32F1xx_HAL_Driver/Src/stm32f1xx_hal_rcc.c.obj
 .text.HAL_GPIO_Init
                0x08003758      0x308 CMakeFiles/task3.dir/Drivers/STM32F1xx_HAL_Driver/Src/stm32f1xx_hal_gpio.c.obj
                0x08003758                HAL_GPIO_Init
 .text.__NVIC_SetPriorityGrouping
                0x08003a60       0x48 CMakeFiles/task3.dir/Drivers/STM32F1xx_HAL_Driver/Src/stm32f1xx_hal_cortex.c.obj
 .text.__NVIC_GetPriorityGrouping
                0x08003aa8       0x1c CMakeFiles/task3.dir/Drivers/STM32F1xx_HAL_Driver/Src/stm32f1xx_hal_cortex.c.obj
 .text.__NVIC_SetPriority
                0x08003ac4       0x54 CMakeFiles/task3.dir/Drivers/STM32F1xx_HAL_Driver/Src/stm32f1xx_hal_cortex.c.obj
 .text.NVIC_EncodePriority
                0x08003b18       0x64 CMakeFiles/task3.dir/Drivers/STM32F1xx_HAL_Driver/Src/stm32f1xx_hal_cortex.c.obj
 .text.SysTick_Config
                0x08003b7c       0x44 CMakeFiles/task3.dir/Drivers/STM32F1xx_HAL_Driver/Src/stm32f1xx_hal_cortex.c.obj
 .text.HAL_NVIC_SetPriorityGrouping
                0x08003bc0       0x16 CMakeFiles/task3.dir/Drivers/STM32F1xx_HAL_Driver/Src/stm32f1xx_hal_cortex.c.obj
                0x08003bc0                HAL_NVIC_SetPriorityGrouping
 .text.HAL_NVIC_SetPriority
                0x08003bd6       0x38 CMakeFiles/task3.dir/Drivers/STM32F1xx_HAL_Driver/Src/stm32f1xx_hal_cortex.c.obj
                0x08003bd6                HAL_NVIC_SetPriority
 .text.HAL_SYSTICK_Config
                0x08003c0e       0x18 CMakeFiles/task3.dir/Drivers/STM32F1xx_HAL_Driver/Src/stm32f1xx_hal_cortex.c.obj
                0x08003c0e                HAL_SYSTICK_Config
 .text.HAL_TIM_Base_Init
                0x08003c26       0x9e CMakeFiles/task3.dir/Drivers/STM32F1xx_HAL_Driver/Src/stm32f1xx_hal_tim.c.obj
                0x08003c26                HAL_TIM_Base_Init
 .text.HAL_TIM_PWM_Init
                0x08003cc4       0x9e CMakeFiles/task3.dir/Drivers/STM32F1xx_HAL_Driver/Src/stm32f1xx_hal_tim.c.obj
                0x08003cc4                HAL_TIM_PWM_Init
 .text.HAL_TIM_PWM_MspInit
                0x08003d62       0x12 CMakeFiles/task3.dir/Drivers/STM32F1xx_HAL_Driver/Src/stm32f1xx_hal_tim.c.obj
                0x08003d62                HAL_TIM_PWM_MspInit
 .text.HAL_TIM_PWM_Start
                0x08003d74      0x144 CMakeFiles/task3.dir/Drivers/STM32F1xx_HAL_Driver/Src/stm32f1xx_hal_tim.c.obj
                0x08003d74                HAL_TIM_PWM_Start
 .text.HAL_TIM_PWM_ConfigChannel
                0x08003eb8      0x184 CMakeFiles/task3.dir/Drivers/STM32F1xx_HAL_Driver/Src/stm32f1xx_hal_tim.c.obj
                0x08003eb8                HAL_TIM_PWM_ConfigChannel
 .text.HAL_TIM_ConfigClockSource
                0x0800403c      0x18e CMakeFiles/task3.dir/Drivers/STM32F1xx_HAL_Driver/Src/stm32f1xx_hal_tim.c.obj
                0x0800403c                HAL_TIM_ConfigClockSource
 *fill*         0x080041ca        0x2 
 .text.TIM_Base_SetConfig
                0x080041cc       0xdc CMakeFiles/task3.dir/Drivers/STM32F1xx_HAL_Driver/Src/stm32f1xx_hal_tim.c.obj
                0x080041cc                TIM_Base_SetConfig
 .text.TIM_OC1_SetConfig
                0x080042a8       0xcc CMakeFiles/task3.dir/Drivers/STM32F1xx_HAL_Driver/Src/stm32f1xx_hal_tim.c.obj
 .text.TIM_OC2_SetConfig
                0x08004374       0xd4 CMakeFiles/task3.dir/Drivers/STM32F1xx_HAL_Driver/Src/stm32f1xx_hal_tim.c.obj
                0x08004374                TIM_OC2_SetConfig
 .text.TIM_OC3_SetConfig
                0x08004448       0xd4 CMakeFiles/task3.dir/Drivers/STM32F1xx_HAL_Driver/Src/stm32f1xx_hal_tim.c.obj
 .text.TIM_OC4_SetConfig
                0x0800451c       0x9c CMakeFiles/task3.dir/Drivers/STM32F1xx_HAL_Driver/Src/stm32f1xx_hal_tim.c.obj
 .text.TIM_TI1_ConfigInputStage
                0x080045b8       0x5c CMakeFiles/task3.dir/Drivers/STM32F1xx_HAL_Driver/Src/stm32f1xx_hal_tim.c.obj
 .text.TIM_TI2_ConfigInputStage
                0x08004614       0x5e CMakeFiles/task3.dir/Drivers/STM32F1xx_HAL_Driver/Src/stm32f1xx_hal_tim.c.obj
 .text.TIM_ITRx_SetConfig
                0x08004672       0x34 CMakeFiles/task3.dir/Drivers/STM32F1xx_HAL_Driver/Src/stm32f1xx_hal_tim.c.obj
 .text.TIM_ETR_SetConfig
                0x080046a6       0x3e CMakeFiles/task3.dir/Drivers/STM32F1xx_HAL_Driver/Src/stm32f1xx_hal_tim.c.obj
                0x080046a6                TIM_ETR_SetConfig
 .text.TIM_CCxChannelCmd
                0x080046e4       0x48 CMakeFiles/task3.dir/Drivers/STM32F1xx_HAL_Driver/Src/stm32f1xx_hal_tim.c.obj
                0x080046e4                TIM_CCxChannelCmd
 .text.HAL_TIMEx_MasterConfigSynchronization
                0x0800472c       0xbc CMakeFiles/task3.dir/Drivers/STM32F1xx_HAL_Driver/Src/stm32f1xx_hal_tim_ex.c.obj
                0x0800472c                HAL_TIMEx_MasterConfigSynchronization
 .text.HAL_UART_Init
                0x080047e8       0xa0 CMakeFiles/task3.dir/Drivers/STM32F1xx_HAL_Driver/Src/stm32f1xx_hal_uart.c.obj
                0x080047e8                HAL_UART_Init
 .text.UART_SetConfig
                0x08004888      0x11c CMakeFiles/task3.dir/Drivers/STM32F1xx_HAL_Driver/Src/stm32f1xx_hal_uart.c.obj
 .text.SystemInit
                0x080049a4        0xc CMakeFiles/task3.dir/Core/Src/system_stm32f1xx.c.obj
                0x080049a4                SystemInit
 .text.Reset_Handler
                0x080049b0       0x48 CMakeFiles/task3.dir/startup_stm32f103xb.s.obj
                0x080049b0                Reset_Handler
 .text.Default_Handler
                0x080049f8        0x2 CMakeFiles/task3.dir/startup_stm32f103xb.s.obj
                0x080049f8                RTC_Alarm_IRQHandler
                0x080049f8                EXTI2_IRQHandler
                0x080049f8                TIM1_CC_IRQHandler
                0x080049f8                PVD_IRQHandler
                0x080049f8                EXTI3_IRQHandler
                0x080049f8                EXTI0_IRQHandler
                0x080049f8                I2C2_EV_IRQHandler
                0x080049f8                ADC1_2_IRQHandler
                0x080049f8                SPI1_IRQHandler
                0x080049f8                TAMPER_IRQHandler
                0x080049f8                DMA1_Channel4_IRQHandler
                0x080049f8                USART3_IRQHandler
                0x080049f8                RTC_IRQHandler
                0x080049f8                DMA1_Channel7_IRQHandler
                0x080049f8                CAN1_RX1_IRQHandler
                0x080049f8                TIM4_IRQHandler
                0x080049f8                I2C1_EV_IRQHandler
                0x080049f8                DMA1_Channel6_IRQHandler
                0x080049f8                TIM3_IRQHandler
                0x080049f8                RCC_IRQHandler
                0x080049f8                TIM1_TRG_COM_IRQHandler
                0x080049f8                DMA1_Channel1_IRQHandler
                0x080049f8                Default_Handler
                0x080049f8                EXTI15_10_IRQHandler
                0x080049f8                EXTI9_5_IRQHandler
                0x080049f8                SPI2_IRQHandler
                0x080049f8                DMA1_Channel5_IRQHandler
                0x080049f8                EXTI4_IRQHandler
                0x080049f8                USB_LP_CAN1_RX0_IRQHandler
                0x080049f8                USB_HP_CAN1_TX_IRQHandler
                0x080049f8                DMA1_Channel3_IRQHandler
                0x080049f8                TIM1_UP_IRQHandler
                0x080049f8                WWDG_IRQHandler
                0x080049f8                TIM2_IRQHandler
                0x080049f8                TIM1_BRK_IRQHandler
                0x080049f8                EXTI1_IRQHandler
                0x080049f8                USART2_IRQHandler
                0x080049f8                I2C2_ER_IRQHandler
                0x080049f8                DMA1_Channel2_IRQHandler
                0x080049f8                CAN1_SCE_IRQHandler
                0x080049f8                FLASH_IRQHandler
                0x080049f8                USART1_IRQHandler
                0x080049f8                I2C1_ER_IRQHandler
                0x080049f8                USBWakeUp_IRQHandler
 *fill*         0x080049fa        0x2 
 .text.atan2    0x080049fc        0x4 C:/Users/34236/Downloads/softwares/arm-gnu-toolchain-13.3.rel1-mingw-w64-i686-arm-none-eabi/bin/../lib/gcc/arm-none-eabi/13.3.1/thumb/v7-m/nofp\libm.a(libm_a-w_atan2.o)
                0x080049fc                atan2
 .text.__ieee754_atan2
                0x08004a00      0x194 C:/Users/34236/Downloads/softwares/arm-gnu-toolchain-13.3.rel1-mingw-w64-i686-arm-none-eabi/bin/../lib/gcc/arm-none-eabi/13.3.1/thumb/v7-m/nofp\libm.a(libm_a-e_atan2.o)
                0x08004a00                __ieee754_atan2
 *fill*         0x08004b94        0x4 
 .text.atan     0x08004b98      0x330 C:/Users/34236/Downloads/softwares/arm-gnu-toolchain-13.3.rel1-mingw-w64-i686-arm-none-eabi/bin/../lib/gcc/arm-none-eabi/13.3.1/thumb/v7-m/nofp\libm.a(libm_a-s_atan.o)
                0x08004b98                atan
 .text.fabs     0x08004ec8        0x8 C:/Users/34236/Downloads/softwares/arm-gnu-toolchain-13.3.rel1-mingw-w64-i686-arm-none-eabi/bin/../lib/gcc/arm-none-eabi/13.3.1/thumb/v7-m/nofp\libm.a(libm_a-s_fabs.o)
                0x08004ec8                fabs
 *(.glue_7)
 .glue_7        0x08004ed0        0x0 linker stubs
 *(.glue_7t)
 .glue_7t       0x08004ed0        0x0 linker stubs
 *(.eh_frame)
 .eh_frame      0x08004ed0        0x0 C:/Users/34236/Downloads/softwares/arm-gnu-toolchain-13.3.rel1-mingw-w64-i686-arm-none-eabi/bin/../lib/gcc/arm-none-eabi/13.3.1/thumb/v7-m/nofp/crtbegin.o
 *(.init)
 .init          0x08004ed0        0x4 C:/Users/34236/Downloads/softwares/arm-gnu-toolchain-13.3.rel1-mingw-w64-i686-arm-none-eabi/bin/../lib/gcc/arm-none-eabi/13.3.1/thumb/v7-m/nofp/crti.o
                0x08004ed0                _init
 .init          0x08004ed4        0x8 C:/Users/34236/Downloads/softwares/arm-gnu-toolchain-13.3.rel1-mingw-w64-i686-arm-none-eabi/bin/../lib/gcc/arm-none-eabi/13.3.1/thumb/v7-m/nofp/crtn.o
 *(.fini)
 .fini          0x08004edc        0x4 C:/Users/34236/Downloads/softwares/arm-gnu-toolchain-13.3.rel1-mingw-w64-i686-arm-none-eabi/bin/../lib/gcc/arm-none-eabi/13.3.1/thumb/v7-m/nofp/crti.o
                0x08004edc                _fini
 .fini          0x08004ee0        0x8 C:/Users/34236/Downloads/softwares/arm-gnu-toolchain-13.3.rel1-mingw-w64-i686-arm-none-eabi/bin/../lib/gcc/arm-none-eabi/13.3.1/thumb/v7-m/nofp/crtn.o
                0x08004ee8                        . = ALIGN (0x4)
                0x08004ee8                        _etext = .

.vfp11_veneer   0x08004ee8        0x0
 .vfp11_veneer  0x08004ee8        0x0 linker stubs

.v4_bx          0x08004ee8        0x0
 .v4_bx         0x08004ee8        0x0 linker stubs

.iplt           0x08004ee8        0x0
 .iplt          0x08004ee8        0x0 C:/Users/34236/Downloads/softwares/arm-gnu-toolchain-13.3.rel1-mingw-w64-i686-arm-none-eabi/bin/../lib/gcc/arm-none-eabi/13.3.1/thumb/v7-m/nofp/crtbegin.o

.rodata         0x08004ee8       0xa0
                0x08004ee8                        . = ALIGN (0x4)
 *(.rodata)
 *(.rodata*)
 .rodata.aPLLMULFactorTable.1
                0x08004ee8       0x10 CMakeFiles/task3.dir/Drivers/STM32F1xx_HAL_Driver/Src/stm32f1xx_hal_rcc.c.obj
 .rodata.aPredivFactorTable.0
                0x08004ef8        0x2 CMakeFiles/task3.dir/Drivers/STM32F1xx_HAL_Driver/Src/stm32f1xx_hal_rcc.c.obj
 *fill*         0x08004efa        0x2 
 .rodata.AHBPrescTable
                0x08004efc       0x10 CMakeFiles/task3.dir/Core/Src/system_stm32f1xx.c.obj
                0x08004efc                AHBPrescTable
 .rodata.APBPrescTable
                0x08004f0c        0x8 CMakeFiles/task3.dir/Core/Src/system_stm32f1xx.c.obj
                0x08004f0c                APBPrescTable
 *fill*         0x08004f14        0x4 
 .rodata.CSWTCH.9
                0x08004f18       0x18 C:/Users/34236/Downloads/softwares/arm-gnu-toolchain-13.3.rel1-mingw-w64-i686-arm-none-eabi/bin/../lib/gcc/arm-none-eabi/13.3.1/thumb/v7-m/nofp\libm.a(libm_a-e_atan2.o)
 .rodata.CSWTCH.8
                0x08004f30       0x18 C:/Users/34236/Downloads/softwares/arm-gnu-toolchain-13.3.rel1-mingw-w64-i686-arm-none-eabi/bin/../lib/gcc/arm-none-eabi/13.3.1/thumb/v7-m/nofp\libm.a(libm_a-e_atan2.o)
 .rodata.atanlo
                0x08004f48       0x20 C:/Users/34236/Downloads/softwares/arm-gnu-toolchain-13.3.rel1-mingw-w64-i686-arm-none-eabi/bin/../lib/gcc/arm-none-eabi/13.3.1/thumb/v7-m/nofp\libm.a(libm_a-s_atan.o)
 .rodata.atanhi
                0x08004f68       0x20 C:/Users/34236/Downloads/softwares/arm-gnu-toolchain-13.3.rel1-mingw-w64-i686-arm-none-eabi/bin/../lib/gcc/arm-none-eabi/13.3.1/thumb/v7-m/nofp\libm.a(libm_a-s_atan.o)
                0x08004f88                        . = ALIGN (0x4)

.rel.dyn        0x08004f88        0x0
 .rel.iplt      0x08004f88        0x0 C:/Users/34236/Downloads/softwares/arm-gnu-toolchain-13.3.rel1-mingw-w64-i686-arm-none-eabi/bin/../lib/gcc/arm-none-eabi/13.3.1/thumb/v7-m/nofp/crtbegin.o

.ARM.extab
 *(.ARM.extab* .gnu.linkonce.armextab.*)

.ARM            0x08004f88        0x0
                0x08004f88                        __exidx_start = .
 *(.ARM.exidx*)
                0x08004f88                        __exidx_end = .

.preinit_array  0x08004f88        0x0
                0x08004f88                        PROVIDE (__preinit_array_start = .)
 *(.preinit_array*)
                0x08004f88                        PROVIDE (__preinit_array_end = .)

.init_array     0x08004f88        0x4
                0x08004f88                        PROVIDE (__init_array_start = .)
 *(SORT_BY_NAME(.init_array.*))
 *(.init_array*)
 .init_array    0x08004f88        0x4 C:/Users/34236/Downloads/softwares/arm-gnu-toolchain-13.3.rel1-mingw-w64-i686-arm-none-eabi/bin/../lib/gcc/arm-none-eabi/13.3.1/thumb/v7-m/nofp/crtbegin.o
                0x08004f8c                        PROVIDE (__init_array_end = .)

.fini_array     0x08004f8c        0x4
                [!provide]                        PROVIDE (__fini_array_start = .)
 *(SORT_BY_NAME(.fini_array.*))
 *(.fini_array*)
 .fini_array    0x08004f8c        0x4 C:/Users/34236/Downloads/softwares/arm-gnu-toolchain-13.3.rel1-mingw-w64-i686-arm-none-eabi/bin/../lib/gcc/arm-none-eabi/13.3.1/thumb/v7-m/nofp/crtbegin.o
                [!provide]                        PROVIDE (__fini_array_end = .)
                0x08004f90                        _sidata = LOADADDR (.data)

.data           0x20000000        0xc load address 0x08004f90
                0x20000000                        . = ALIGN (0x4)
                0x20000000                        _sdata = .
 *(.data)
 *(.data*)
 .data.uwTickPrio
                0x20000000        0x4 CMakeFiles/task3.dir/Drivers/STM32F1xx_HAL_Driver/Src/stm32f1xx_hal.c.obj
                0x20000000                uwTickPrio
 .data.uwTickFreq
                0x20000004        0x1 CMakeFiles/task3.dir/Drivers/STM32F1xx_HAL_Driver/Src/stm32f1xx_hal.c.obj
                0x20000004                uwTickFreq
 *fill*         0x20000005        0x3 
 .data.SystemCoreClock
                0x20000008        0x4 CMakeFiles/task3.dir/Core/Src/system_stm32f1xx.c.obj
                0x20000008                SystemCoreClock
                0x2000000c                        . = ALIGN (0x4)
                0x2000000c                        _edata = .

.tm_clone_table
                0x2000000c        0x0 load address 0x08004f9c
 .tm_clone_table
                0x2000000c        0x0 C:/Users/34236/Downloads/softwares/arm-gnu-toolchain-13.3.rel1-mingw-w64-i686-arm-none-eabi/bin/../lib/gcc/arm-none-eabi/13.3.1/thumb/v7-m/nofp/crtbegin.o
 .tm_clone_table
                0x2000000c        0x0 C:/Users/34236/Downloads/softwares/arm-gnu-toolchain-13.3.rel1-mingw-w64-i686-arm-none-eabi/bin/../lib/gcc/arm-none-eabi/13.3.1/thumb/v7-m/nofp/crtend.o

.igot.plt       0x2000000c        0x0 load address 0x08004f9c
 .igot.plt      0x2000000c        0x0 C:/Users/34236/Downloads/softwares/arm-gnu-toolchain-13.3.rel1-mingw-w64-i686-arm-none-eabi/bin/../lib/gcc/arm-none-eabi/13.3.1/thumb/v7-m/nofp/crtbegin.o
                0x2000000c                        . = ALIGN (0x4)

.bss            0x2000000c      0x1b8 load address 0x08004f9c
                0x2000000c                        _sbss = .
                0x2000000c                        __bss_start__ = _sbss
 *(.bss)
 *(.bss*)
 .bss.completed.1
                0x2000000c        0x1 C:/Users/34236/Downloads/softwares/arm-gnu-toolchain-13.3.rel1-mingw-w64-i686-arm-none-eabi/bin/../lib/gcc/arm-none-eabi/13.3.1/thumb/v7-m/nofp/crtbegin.o
 *fill*         0x2000000d        0x3 
 .bss.object.0  0x20000010       0x18 C:/Users/34236/Downloads/softwares/arm-gnu-toolchain-13.3.rel1-mingw-w64-i686-arm-none-eabi/bin/../lib/gcc/arm-none-eabi/13.3.1/thumb/v7-m/nofp/crtbegin.o
 .bss.Accel_X_RAW
                0x20000028        0x2 CMakeFiles/task3.dir/Core/Src/mpu6050.c.obj
                0x20000028                Accel_X_RAW
 .bss.Accel_Y_RAW
                0x2000002a        0x2 CMakeFiles/task3.dir/Core/Src/mpu6050.c.obj
                0x2000002a                Accel_Y_RAW
 .bss.Accel_Z_RAW
                0x2000002c        0x2 CMakeFiles/task3.dir/Core/Src/mpu6050.c.obj
                0x2000002c                Accel_Z_RAW
 .bss.Gyro_X_RAW
                0x2000002e        0x2 CMakeFiles/task3.dir/Core/Src/mpu6050.c.obj
                0x2000002e                Gyro_X_RAW
 .bss.Gyro_Y_RAW
                0x20000030        0x2 CMakeFiles/task3.dir/Core/Src/mpu6050.c.obj
                0x20000030                Gyro_Y_RAW
 .bss.Gyro_Z_RAW
                0x20000032        0x2 CMakeFiles/task3.dir/Core/Src/mpu6050.c.obj
                0x20000032                Gyro_Z_RAW
 .bss.Ax        0x20000034        0x4 CMakeFiles/task3.dir/Core/Src/mpu6050.c.obj
                0x20000034                Ax
 .bss.Ay        0x20000038        0x4 CMakeFiles/task3.dir/Core/Src/mpu6050.c.obj
                0x20000038                Ay
 .bss.Az        0x2000003c        0x4 CMakeFiles/task3.dir/Core/Src/mpu6050.c.obj
                0x2000003c                Az
 .bss.Gx        0x20000040        0x4 CMakeFiles/task3.dir/Core/Src/mpu6050.c.obj
                0x20000040                Gx
 .bss.Gy        0x20000044        0x4 CMakeFiles/task3.dir/Core/Src/mpu6050.c.obj
                0x20000044                Gy
 .bss.Gz        0x20000048        0x4 CMakeFiles/task3.dir/Core/Src/mpu6050.c.obj
                0x20000048                Gz
 .bss.hi2c1     0x2000004c       0x54 CMakeFiles/task3.dir/Core/Src/i2c.c.obj
                0x2000004c                hi2c1
 .bss.htim1     0x200000a0       0x48 CMakeFiles/task3.dir/Core/Src/tim.c.obj
                0x200000a0                htim1
 .bss.htim2     0x200000e8       0x48 CMakeFiles/task3.dir/Core/Src/tim.c.obj
                0x200000e8                htim2
 .bss.htim3     0x20000130       0x48 CMakeFiles/task3.dir/Core/Src/tim.c.obj
                0x20000130                htim3
 .bss.huart1    0x20000178       0x48 CMakeFiles/task3.dir/Core/Src/usart.c.obj
                0x20000178                huart1
 .bss.uwTick    0x200001c0        0x4 CMakeFiles/task3.dir/Drivers/STM32F1xx_HAL_Driver/Src/stm32f1xx_hal.c.obj
                0x200001c0                uwTick
 *(COMMON)
                0x200001c4                        . = ALIGN (0x4)
                0x200001c4                        _ebss = .
                0x200001c4                        __bss_end__ = _ebss

._user_heap_stack
                0x200001c4      0x604 load address 0x08004f9c
                0x200001c8                        . = ALIGN (0x8)
 *fill*         0x200001c4        0x4 
                [!provide]                        PROVIDE (end = .)
                0x200001c8                        PROVIDE (_end = .)
                0x200003c8                        . = (. + _Min_Heap_Size)
 *fill*         0x200001c8      0x200 
                0x200007c8                        . = (. + _Min_Stack_Size)
 *fill*         0x200003c8      0x400 
                0x200007c8                        . = ALIGN (0x8)

/DISCARD/
 libc.a(*)
 libm.a(*)
 libgcc.a(*)

.ARM.attributes
                0x00000000       0x29
 *(.ARM.attributes)
 .ARM.attributes
                0x00000000       0x1d C:/Users/34236/Downloads/softwares/arm-gnu-toolchain-13.3.rel1-mingw-w64-i686-arm-none-eabi/bin/../lib/gcc/arm-none-eabi/13.3.1/thumb/v7-m/nofp/crti.o
 .ARM.attributes
                0x0000001d       0x2d C:/Users/34236/Downloads/softwares/arm-gnu-toolchain-13.3.rel1-mingw-w64-i686-arm-none-eabi/bin/../lib/gcc/arm-none-eabi/13.3.1/thumb/v7-m/nofp/crtbegin.o
 .ARM.attributes
                0x0000004a       0x2d C:/Users/34236/Downloads/softwares/arm-gnu-toolchain-13.3.rel1-mingw-w64-i686-arm-none-eabi/bin/../lib/gcc/arm-none-eabi/13.3.1/thumb/v7-m/nofp\libc_nano.a(libc_a-memset.o)
 .ARM.attributes
                0x00000077       0x2d C:/Users/34236/Downloads/softwares/arm-gnu-toolchain-13.3.rel1-mingw-w64-i686-arm-none-eabi/bin/../lib/gcc/arm-none-eabi/13.3.1/thumb/v7-m/nofp\libc_nano.a(libc_a-init.o)
 .ARM.attributes
                0x000000a4       0x2d CMakeFiles/task3.dir/Core/Src/mpu6050.c.obj
 .ARM.attributes
                0x000000d1       0x2d CMakeFiles/task3.dir/Core/Src/main.c.obj
 .ARM.attributes
                0x000000fe       0x2d CMakeFiles/task3.dir/Core/Src/gpio.c.obj
 .ARM.attributes
                0x0000012b       0x2d CMakeFiles/task3.dir/Core/Src/i2c.c.obj
 .ARM.attributes
                0x00000158       0x2d CMakeFiles/task3.dir/Core/Src/tim.c.obj
 .ARM.attributes
                0x00000185       0x2d CMakeFiles/task3.dir/Core/Src/usart.c.obj
 .ARM.attributes
                0x000001b2       0x2d CMakeFiles/task3.dir/Core/Src/stm32f1xx_it.c.obj
 .ARM.attributes
                0x000001df       0x2d CMakeFiles/task3.dir/Core/Src/stm32f1xx_hal_msp.c.obj
 .ARM.attributes
                0x0000020c       0x2d CMakeFiles/task3.dir/Drivers/STM32F1xx_HAL_Driver/Src/stm32f1xx_hal_i2c.c.obj
 .ARM.attributes
                0x00000239       0x2d CMakeFiles/task3.dir/Drivers/STM32F1xx_HAL_Driver/Src/stm32f1xx_hal.c.obj
 .ARM.attributes
                0x00000266       0x2d CMakeFiles/task3.dir/Drivers/STM32F1xx_HAL_Driver/Src/stm32f1xx_hal_rcc.c.obj
 .ARM.attributes
                0x00000293       0x2d CMakeFiles/task3.dir/Drivers/STM32F1xx_HAL_Driver/Src/stm32f1xx_hal_gpio.c.obj
 .ARM.attributes
                0x000002c0       0x2d CMakeFiles/task3.dir/Drivers/STM32F1xx_HAL_Driver/Src/stm32f1xx_hal_cortex.c.obj
 .ARM.attributes
                0x000002ed       0x2d CMakeFiles/task3.dir/Drivers/STM32F1xx_HAL_Driver/Src/stm32f1xx_hal_tim.c.obj
 .ARM.attributes
                0x0000031a       0x2d CMakeFiles/task3.dir/Drivers/STM32F1xx_HAL_Driver/Src/stm32f1xx_hal_tim_ex.c.obj
 .ARM.attributes
                0x00000347       0x2d CMakeFiles/task3.dir/Drivers/STM32F1xx_HAL_Driver/Src/stm32f1xx_hal_uart.c.obj
 .ARM.attributes
                0x00000374       0x2d CMakeFiles/task3.dir/Core/Src/system_stm32f1xx.c.obj
 .ARM.attributes
                0x000003a1       0x21 CMakeFiles/task3.dir/startup_stm32f103xb.s.obj
 .ARM.attributes
                0x000003c2       0x1d C:/Users/34236/Downloads/softwares/arm-gnu-toolchain-13.3.rel1-mingw-w64-i686-arm-none-eabi/bin/../lib/gcc/arm-none-eabi/13.3.1/thumb/v7-m/nofp\libgcc.a(_arm_mulsf3.o)
 .ARM.attributes
                0x000003df       0x1d C:/Users/34236/Downloads/softwares/arm-gnu-toolchain-13.3.rel1-mingw-w64-i686-arm-none-eabi/bin/../lib/gcc/arm-none-eabi/13.3.1/thumb/v7-m/nofp\libgcc.a(_arm_addsubdf3.o)
 .ARM.attributes
                0x000003fc       0x1d C:/Users/34236/Downloads/softwares/arm-gnu-toolchain-13.3.rel1-mingw-w64-i686-arm-none-eabi/bin/../lib/gcc/arm-none-eabi/13.3.1/thumb/v7-m/nofp\libgcc.a(_arm_muldivdf3.o)
 .ARM.attributes
                0x00000419       0x1d C:/Users/34236/Downloads/softwares/arm-gnu-toolchain-13.3.rel1-mingw-w64-i686-arm-none-eabi/bin/../lib/gcc/arm-none-eabi/13.3.1/thumb/v7-m/nofp\libgcc.a(_arm_cmpdf2.o)
 .ARM.attributes
                0x00000436       0x1d C:/Users/34236/Downloads/softwares/arm-gnu-toolchain-13.3.rel1-mingw-w64-i686-arm-none-eabi/bin/../lib/gcc/arm-none-eabi/13.3.1/thumb/v7-m/nofp\libgcc.a(_arm_truncdfsf2.o)
 .ARM.attributes
                0x00000453       0x1d C:/Users/34236/Downloads/softwares/arm-gnu-toolchain-13.3.rel1-mingw-w64-i686-arm-none-eabi/bin/../lib/gcc/arm-none-eabi/13.3.1/thumb/v7-m/nofp\libgcc.a(_arm_addsubsf3.o)
 .ARM.attributes
                0x00000470       0x1d C:/Users/34236/Downloads/softwares/arm-gnu-toolchain-13.3.rel1-mingw-w64-i686-arm-none-eabi/bin/../lib/gcc/arm-none-eabi/13.3.1/thumb/v7-m/nofp\libgcc.a(_arm_cmpsf2.o)
 .ARM.attributes
                0x0000048d       0x1d C:/Users/34236/Downloads/softwares/arm-gnu-toolchain-13.3.rel1-mingw-w64-i686-arm-none-eabi/bin/../lib/gcc/arm-none-eabi/13.3.1/thumb/v7-m/nofp\libgcc.a(_arm_fixsfsi.o)
 .ARM.attributes
                0x000004aa       0x2d C:/Users/34236/Downloads/softwares/arm-gnu-toolchain-13.3.rel1-mingw-w64-i686-arm-none-eabi/bin/../lib/gcc/arm-none-eabi/13.3.1/thumb/v7-m/nofp/crtend.o
 .ARM.attributes
                0x000004d7       0x1d C:/Users/34236/Downloads/softwares/arm-gnu-toolchain-13.3.rel1-mingw-w64-i686-arm-none-eabi/bin/../lib/gcc/arm-none-eabi/13.3.1/thumb/v7-m/nofp/crtn.o
OUTPUT(task3.elf elf32-littlearm)
LOAD linker stubs
LOAD C:/Users/34236/Downloads/softwares/arm-gnu-toolchain-13.3.rel1-mingw-w64-i686-arm-none-eabi/bin/../lib/gcc/arm-none-eabi/13.3.1/thumb/v7-m/nofp\libc.a
LOAD C:/Users/34236/Downloads/softwares/arm-gnu-toolchain-13.3.rel1-mingw-w64-i686-arm-none-eabi/bin/../lib/gcc/arm-none-eabi/13.3.1/thumb/v7-m/nofp\libm.a
LOAD C:/Users/34236/Downloads/softwares/arm-gnu-toolchain-13.3.rel1-mingw-w64-i686-arm-none-eabi/bin/../lib/gcc/arm-none-eabi/13.3.1/thumb/v7-m/nofp\libgcc.a

.debug_frame    0x00000000     0x40a4
 .debug_frame   0x00000000       0x20 C:/Users/34236/Downloads/softwares/arm-gnu-toolchain-13.3.rel1-mingw-w64-i686-arm-none-eabi/bin/../lib/gcc/arm-none-eabi/13.3.1/thumb/v7-m/nofp\libc_nano.a(libc_a-memset.o)
 .debug_frame   0x00000020       0x2c C:/Users/34236/Downloads/softwares/arm-gnu-toolchain-13.3.rel1-mingw-w64-i686-arm-none-eabi/bin/../lib/gcc/arm-none-eabi/13.3.1/thumb/v7-m/nofp\libc_nano.a(libc_a-init.o)
 .debug_frame   0x0000004c       0x88 CMakeFiles/task3.dir/Core/Src/mpu6050.c.obj
 .debug_frame   0x000000d4       0x74 CMakeFiles/task3.dir/Core/Src/main.c.obj
 .debug_frame   0x00000148       0x38 CMakeFiles/task3.dir/Core/Src/gpio.c.obj
 .debug_frame   0x00000180       0x74 CMakeFiles/task3.dir/Core/Src/i2c.c.obj
 .debug_frame   0x000001f4       0xf0 CMakeFiles/task3.dir/Core/Src/tim.c.obj
 .debug_frame   0x000002e4       0x74 CMakeFiles/task3.dir/Core/Src/usart.c.obj
 .debug_frame   0x00000358      0x104 CMakeFiles/task3.dir/Core/Src/stm32f1xx_it.c.obj
 .debug_frame   0x0000045c       0x38 CMakeFiles/task3.dir/Core/Src/stm32f1xx_hal_msp.c.obj
 .debug_frame   0x00000494      0xc84 CMakeFiles/task3.dir/Drivers/STM32F1xx_HAL_Driver/Src/stm32f1xx_hal_i2c.c.obj
 .debug_frame   0x00001118      0x334 CMakeFiles/task3.dir/Drivers/STM32F1xx_HAL_Driver/Src/stm32f1xx_hal.c.obj
 .debug_frame   0x0000144c      0x218 CMakeFiles/task3.dir/Drivers/STM32F1xx_HAL_Driver/Src/stm32f1xx_hal_rcc.c.obj
 .debug_frame   0x00001664      0x14c CMakeFiles/task3.dir/Drivers/STM32F1xx_HAL_Driver/Src/stm32f1xx_hal_gpio.c.obj
 .debug_frame   0x000017b0      0x428 CMakeFiles/task3.dir/Drivers/STM32F1xx_HAL_Driver/Src/stm32f1xx_hal_cortex.c.obj
 .debug_frame   0x00001bd8     0x11b8 CMakeFiles/task3.dir/Drivers/STM32F1xx_HAL_Driver/Src/stm32f1xx_hal_tim.c.obj
 .debug_frame   0x00002d90      0x638 CMakeFiles/task3.dir/Drivers/STM32F1xx_HAL_Driver/Src/stm32f1xx_hal_tim_ex.c.obj
 .debug_frame   0x000033c8      0x944 CMakeFiles/task3.dir/Drivers/STM32F1xx_HAL_Driver/Src/stm32f1xx_hal_uart.c.obj
 .debug_frame   0x00003d0c       0x58 CMakeFiles/task3.dir/Core/Src/system_stm32f1xx.c.obj
 .debug_frame   0x00003d64       0x24 C:/Users/34236/Downloads/softwares/arm-gnu-toolchain-13.3.rel1-mingw-w64-i686-arm-none-eabi/bin/../lib/gcc/arm-none-eabi/13.3.1/thumb/v7-m/nofp\libgcc.a(_arm_mulsf3.o)
 .debug_frame   0x00003d88       0xac C:/Users/34236/Downloads/softwares/arm-gnu-toolchain-13.3.rel1-mingw-w64-i686-arm-none-eabi/bin/../lib/gcc/arm-none-eabi/13.3.1/thumb/v7-m/nofp\libgcc.a(_arm_addsubdf3.o)
 .debug_frame   0x00003e34       0x50 C:/Users/34236/Downloads/softwares/arm-gnu-toolchain-13.3.rel1-mingw-w64-i686-arm-none-eabi/bin/../lib/gcc/arm-none-eabi/13.3.1/thumb/v7-m/nofp\libgcc.a(_arm_muldivdf3.o)
 .debug_frame   0x00003e84       0xc4 C:/Users/34236/Downloads/softwares/arm-gnu-toolchain-13.3.rel1-mingw-w64-i686-arm-none-eabi/bin/../lib/gcc/arm-none-eabi/13.3.1/thumb/v7-m/nofp\libgcc.a(_arm_cmpdf2.o)
 .debug_frame   0x00003f48       0x24 C:/Users/34236/Downloads/softwares/arm-gnu-toolchain-13.3.rel1-mingw-w64-i686-arm-none-eabi/bin/../lib/gcc/arm-none-eabi/13.3.1/thumb/v7-m/nofp\libgcc.a(_arm_truncdfsf2.o)
 .debug_frame   0x00003f6c       0x4c C:/Users/34236/Downloads/softwares/arm-gnu-toolchain-13.3.rel1-mingw-w64-i686-arm-none-eabi/bin/../lib/gcc/arm-none-eabi/13.3.1/thumb/v7-m/nofp\libgcc.a(_arm_addsubsf3.o)
 .debug_frame   0x00003fb8       0xc8 C:/Users/34236/Downloads/softwares/arm-gnu-toolchain-13.3.rel1-mingw-w64-i686-arm-none-eabi/bin/../lib/gcc/arm-none-eabi/13.3.1/thumb/v7-m/nofp\libgcc.a(_arm_cmpsf2.o)
 .debug_frame   0x00004080       0x24 C:/Users/34236/Downloads/softwares/arm-gnu-toolchain-13.3.rel1-mingw-w64-i686-arm-none-eabi/bin/../lib/gcc/arm-none-eabi/13.3.1/thumb/v7-m/nofp\libgcc.a(_arm_fixsfsi.o)

.debug_info     0x00000000     0xe367
 .debug_info    0x00000000      0x790 CMakeFiles/task3.dir/Core/Src/mpu6050.c.obj
 .debug_info    0x00000790      0x935 CMakeFiles/task3.dir/Core/Src/main.c.obj
 .debug_info    0x000010c5      0x18b CMakeFiles/task3.dir/Core/Src/gpio.c.obj
 .debug_info    0x00001250      0x7ea CMakeFiles/task3.dir/Core/Src/i2c.c.obj
 .debug_info    0x00001a3a      0xb1a CMakeFiles/task3.dir/Core/Src/tim.c.obj
 .debug_info    0x00002554      0x79f CMakeFiles/task3.dir/Core/Src/usart.c.obj
 .debug_info    0x00002cf3      0x11a CMakeFiles/task3.dir/Core/Src/stm32f1xx_it.c.obj
 .debug_info    0x00002e0d      0x1f8 CMakeFiles/task3.dir/Core/Src/stm32f1xx_hal_msp.c.obj
 .debug_info    0x00003005     0x2524 CMakeFiles/task3.dir/Drivers/STM32F1xx_HAL_Driver/Src/stm32f1xx_hal_i2c.c.obj
 .debug_info    0x00005529      0x704 CMakeFiles/task3.dir/Drivers/STM32F1xx_HAL_Driver/Src/stm32f1xx_hal.c.obj
 .debug_info    0x00005c2d      0x7d5 CMakeFiles/task3.dir/Drivers/STM32F1xx_HAL_Driver/Src/stm32f1xx_hal_rcc.c.obj
 .debug_info    0x00006402      0x5ab CMakeFiles/task3.dir/Drivers/STM32F1xx_HAL_Driver/Src/stm32f1xx_hal_gpio.c.obj
 .debug_info    0x000069ad      0xa87 CMakeFiles/task3.dir/Drivers/STM32F1xx_HAL_Driver/Src/stm32f1xx_hal_cortex.c.obj
 .debug_info    0x00007434     0x2959 CMakeFiles/task3.dir/Drivers/STM32F1xx_HAL_Driver/Src/stm32f1xx_hal_tim.c.obj
 .debug_info    0x00009d8d     0x149b CMakeFiles/task3.dir/Drivers/STM32F1xx_HAL_Driver/Src/stm32f1xx_hal_tim_ex.c.obj
 .debug_info    0x0000b228     0x2eed CMakeFiles/task3.dir/Drivers/STM32F1xx_HAL_Driver/Src/stm32f1xx_hal_uart.c.obj
 .debug_info    0x0000e115      0x222 CMakeFiles/task3.dir/Core/Src/system_stm32f1xx.c.obj
 .debug_info    0x0000e337       0x30 CMakeFiles/task3.dir/startup_stm32f103xb.s.obj

.debug_abbrev   0x00000000     0x21d6
 .debug_abbrev  0x00000000      0x1be CMakeFiles/task3.dir/Core/Src/mpu6050.c.obj
 .debug_abbrev  0x000001be      0x268 CMakeFiles/task3.dir/Core/Src/main.c.obj
 .debug_abbrev  0x00000426       0xc6 CMakeFiles/task3.dir/Core/Src/gpio.c.obj
 .debug_abbrev  0x000004ec      0x1de CMakeFiles/task3.dir/Core/Src/i2c.c.obj
 .debug_abbrev  0x000006ca      0x26b CMakeFiles/task3.dir/Core/Src/tim.c.obj
 .debug_abbrev  0x00000935      0x1e6 CMakeFiles/task3.dir/Core/Src/usart.c.obj
 .debug_abbrev  0x00000b1b       0x73 CMakeFiles/task3.dir/Core/Src/stm32f1xx_it.c.obj
 .debug_abbrev  0x00000b8e       0xdb CMakeFiles/task3.dir/Core/Src/stm32f1xx_hal_msp.c.obj
 .debug_abbrev  0x00000c69      0x2a3 CMakeFiles/task3.dir/Drivers/STM32F1xx_HAL_Driver/Src/stm32f1xx_hal_i2c.c.obj
 .debug_abbrev  0x00000f0c      0x201 CMakeFiles/task3.dir/Drivers/STM32F1xx_HAL_Driver/Src/stm32f1xx_hal.c.obj
 .debug_abbrev  0x0000110d      0x2b3 CMakeFiles/task3.dir/Drivers/STM32F1xx_HAL_Driver/Src/stm32f1xx_hal_rcc.c.obj
 .debug_abbrev  0x000013c0      0x1ca CMakeFiles/task3.dir/Drivers/STM32F1xx_HAL_Driver/Src/stm32f1xx_hal_gpio.c.obj
 .debug_abbrev  0x0000158a      0x2f8 CMakeFiles/task3.dir/Drivers/STM32F1xx_HAL_Driver/Src/stm32f1xx_hal_cortex.c.obj
 .debug_abbrev  0x00001882      0x277 CMakeFiles/task3.dir/Drivers/STM32F1xx_HAL_Driver/Src/stm32f1xx_hal_tim.c.obj
 .debug_abbrev  0x00001af9      0x282 CMakeFiles/task3.dir/Drivers/STM32F1xx_HAL_Driver/Src/stm32f1xx_hal_tim_ex.c.obj
 .debug_abbrev  0x00001d7b      0x2f8 CMakeFiles/task3.dir/Drivers/STM32F1xx_HAL_Driver/Src/stm32f1xx_hal_uart.c.obj
 .debug_abbrev  0x00002073      0x13f CMakeFiles/task3.dir/Core/Src/system_stm32f1xx.c.obj
 .debug_abbrev  0x000021b2       0x24 CMakeFiles/task3.dir/startup_stm32f103xb.s.obj

.debug_aranges  0x00000000      0xea8
 .debug_aranges
                0x00000000       0x30 CMakeFiles/task3.dir/Core/Src/mpu6050.c.obj
 .debug_aranges
                0x00000030       0x30 CMakeFiles/task3.dir/Core/Src/main.c.obj
 .debug_aranges
                0x00000060       0x20 CMakeFiles/task3.dir/Core/Src/gpio.c.obj
 .debug_aranges
                0x00000080       0x30 CMakeFiles/task3.dir/Core/Src/i2c.c.obj
 .debug_aranges
                0x000000b0       0x48 CMakeFiles/task3.dir/Core/Src/tim.c.obj
 .debug_aranges
                0x000000f8       0x30 CMakeFiles/task3.dir/Core/Src/usart.c.obj
 .debug_aranges
                0x00000128       0x60 CMakeFiles/task3.dir/Core/Src/stm32f1xx_it.c.obj
 .debug_aranges
                0x00000188       0x20 CMakeFiles/task3.dir/Core/Src/stm32f1xx_hal_msp.c.obj
 .debug_aranges
                0x000001a8      0x2a8 CMakeFiles/task3.dir/Drivers/STM32F1xx_HAL_Driver/Src/stm32f1xx_hal_i2c.c.obj
 .debug_aranges
                0x00000450       0xe0 CMakeFiles/task3.dir/Drivers/STM32F1xx_HAL_Driver/Src/stm32f1xx_hal.c.obj
 .debug_aranges
                0x00000530       0x90 CMakeFiles/task3.dir/Drivers/STM32F1xx_HAL_Driver/Src/stm32f1xx_hal_rcc.c.obj
 .debug_aranges
                0x000005c0       0x58 CMakeFiles/task3.dir/Drivers/STM32F1xx_HAL_Driver/Src/stm32f1xx_hal_gpio.c.obj
 .debug_aranges
                0x00000618      0x100 CMakeFiles/task3.dir/Drivers/STM32F1xx_HAL_Driver/Src/stm32f1xx_hal_cortex.c.obj
 .debug_aranges
                0x00000718      0x3d0 CMakeFiles/task3.dir/Drivers/STM32F1xx_HAL_Driver/Src/stm32f1xx_hal_tim.c.obj
 .debug_aranges
                0x00000ae8      0x168 CMakeFiles/task3.dir/Drivers/STM32F1xx_HAL_Driver/Src/stm32f1xx_hal_tim_ex.c.obj
 .debug_aranges
                0x00000c50      0x208 CMakeFiles/task3.dir/Drivers/STM32F1xx_HAL_Driver/Src/stm32f1xx_hal_uart.c.obj
 .debug_aranges
                0x00000e58       0x28 CMakeFiles/task3.dir/Core/Src/system_stm32f1xx.c.obj
 .debug_aranges
                0x00000e80       0x28 CMakeFiles/task3.dir/startup_stm32f103xb.s.obj

.debug_rnglists
                0x00000000      0xb94
 .debug_rnglists
                0x00000000       0x22 CMakeFiles/task3.dir/Core/Src/mpu6050.c.obj
 .debug_rnglists
                0x00000022       0x21 CMakeFiles/task3.dir/Core/Src/main.c.obj
 .debug_rnglists
                0x00000043       0x13 CMakeFiles/task3.dir/Core/Src/gpio.c.obj
 .debug_rnglists
                0x00000056       0x1f CMakeFiles/task3.dir/Core/Src/i2c.c.obj
 .debug_rnglists
                0x00000075       0x36 CMakeFiles/task3.dir/Core/Src/tim.c.obj
 .debug_rnglists
                0x000000ab       0x20 CMakeFiles/task3.dir/Core/Src/usart.c.obj
 .debug_rnglists
                0x000000cb       0x43 CMakeFiles/task3.dir/Core/Src/stm32f1xx_it.c.obj
 .debug_rnglists
                0x0000010e       0x13 CMakeFiles/task3.dir/Core/Src/stm32f1xx_hal_msp.c.obj
 .debug_rnglists
                0x00000121      0x23c CMakeFiles/task3.dir/Drivers/STM32F1xx_HAL_Driver/Src/stm32f1xx_hal_i2c.c.obj
 .debug_rnglists
                0x0000035d       0xa3 CMakeFiles/task3.dir/Drivers/STM32F1xx_HAL_Driver/Src/stm32f1xx_hal.c.obj
 .debug_rnglists
                0x00000400       0x6c CMakeFiles/task3.dir/Drivers/STM32F1xx_HAL_Driver/Src/stm32f1xx_hal_rcc.c.obj
 .debug_rnglists
                0x0000046c       0x3f CMakeFiles/task3.dir/Drivers/STM32F1xx_HAL_Driver/Src/stm32f1xx_hal_gpio.c.obj
 .debug_rnglists
                0x000004ab       0xbb CMakeFiles/task3.dir/Drivers/STM32F1xx_HAL_Driver/Src/stm32f1xx_hal_cortex.c.obj
 .debug_rnglists
                0x00000566      0x31a CMakeFiles/task3.dir/Drivers/STM32F1xx_HAL_Driver/Src/stm32f1xx_hal_tim.c.obj
 .debug_rnglists
                0x00000880      0x125 CMakeFiles/task3.dir/Drivers/STM32F1xx_HAL_Driver/Src/stm32f1xx_hal_tim_ex.c.obj
 .debug_rnglists
                0x000009a5      0x1bc CMakeFiles/task3.dir/Drivers/STM32F1xx_HAL_Driver/Src/stm32f1xx_hal_uart.c.obj
 .debug_rnglists
                0x00000b61       0x1a CMakeFiles/task3.dir/Core/Src/system_stm32f1xx.c.obj
 .debug_rnglists
                0x00000b7b       0x19 CMakeFiles/task3.dir/startup_stm32f103xb.s.obj

.debug_macro    0x00000000    0x179c1
 .debug_macro   0x00000000      0x1d4 CMakeFiles/task3.dir/Core/Src/mpu6050.c.obj
 .debug_macro   0x000001d4      0xacc CMakeFiles/task3.dir/Core/Src/mpu6050.c.obj
 .debug_macro   0x00000ca0      0x221 CMakeFiles/task3.dir/Core/Src/mpu6050.c.obj
 .debug_macro   0x00000ec1       0x2e CMakeFiles/task3.dir/Core/Src/mpu6050.c.obj
 .debug_macro   0x00000eef       0x22 CMakeFiles/task3.dir/Core/Src/mpu6050.c.obj
 .debug_macro   0x00000f11       0x22 CMakeFiles/task3.dir/Core/Src/mpu6050.c.obj
 .debug_macro   0x00000f33       0x8e CMakeFiles/task3.dir/Core/Src/mpu6050.c.obj
 .debug_macro   0x00000fc1       0x51 CMakeFiles/task3.dir/Core/Src/mpu6050.c.obj
 .debug_macro   0x00001012      0x103 CMakeFiles/task3.dir/Core/Src/mpu6050.c.obj
 .debug_macro   0x00001115       0x6a CMakeFiles/task3.dir/Core/Src/mpu6050.c.obj
 .debug_macro   0x0000117f      0x1df CMakeFiles/task3.dir/Core/Src/mpu6050.c.obj
 .debug_macro   0x0000135e       0x1c CMakeFiles/task3.dir/Core/Src/mpu6050.c.obj
 .debug_macro   0x0000137a       0x22 CMakeFiles/task3.dir/Core/Src/mpu6050.c.obj
 .debug_macro   0x0000139c       0xbd CMakeFiles/task3.dir/Core/Src/mpu6050.c.obj
 .debug_macro   0x00001459      0xd23 CMakeFiles/task3.dir/Core/Src/mpu6050.c.obj
 .debug_macro   0x0000217c     0xe09e CMakeFiles/task3.dir/Core/Src/mpu6050.c.obj
 .debug_macro   0x0001021a       0x6d CMakeFiles/task3.dir/Core/Src/mpu6050.c.obj
 .debug_macro   0x00010287     0x34a2 CMakeFiles/task3.dir/Core/Src/mpu6050.c.obj
 .debug_macro   0x00013729      0x190 CMakeFiles/task3.dir/Core/Src/mpu6050.c.obj
 .debug_macro   0x000138b9       0x5c CMakeFiles/task3.dir/Core/Src/mpu6050.c.obj
 .debug_macro   0x00013915      0x5bc CMakeFiles/task3.dir/Core/Src/mpu6050.c.obj
 .debug_macro   0x00013ed1      0x289 CMakeFiles/task3.dir/Core/Src/mpu6050.c.obj
 .debug_macro   0x0001415a      0x1cb CMakeFiles/task3.dir/Core/Src/mpu6050.c.obj
 .debug_macro   0x00014325      0x114 CMakeFiles/task3.dir/Core/Src/mpu6050.c.obj
 .debug_macro   0x00014439      0x1b2 CMakeFiles/task3.dir/Core/Src/mpu6050.c.obj
 .debug_macro   0x000145eb       0x27 CMakeFiles/task3.dir/Core/Src/mpu6050.c.obj
 .debug_macro   0x00014612      0x136 CMakeFiles/task3.dir/Core/Src/mpu6050.c.obj
 .debug_macro   0x00014748      0x1bc CMakeFiles/task3.dir/Core/Src/mpu6050.c.obj
 .debug_macro   0x00014904       0x34 CMakeFiles/task3.dir/Core/Src/mpu6050.c.obj
 .debug_macro   0x00014938       0x3c CMakeFiles/task3.dir/Core/Src/mpu6050.c.obj
 .debug_macro   0x00014974       0x57 CMakeFiles/task3.dir/Core/Src/mpu6050.c.obj
 .debug_macro   0x000149cb       0x87 CMakeFiles/task3.dir/Core/Src/mpu6050.c.obj
 .debug_macro   0x00014a52      0x240 CMakeFiles/task3.dir/Core/Src/mpu6050.c.obj
 .debug_macro   0x00014c92      0x287 CMakeFiles/task3.dir/Core/Src/mpu6050.c.obj
 .debug_macro   0x00014f19      0x140 CMakeFiles/task3.dir/Core/Src/mpu6050.c.obj
 .debug_macro   0x00015059      0x8ed CMakeFiles/task3.dir/Core/Src/mpu6050.c.obj
 .debug_macro   0x00015946      0x28e CMakeFiles/task3.dir/Core/Src/mpu6050.c.obj
 .debug_macro   0x00015bd4       0x83 CMakeFiles/task3.dir/Core/Src/mpu6050.c.obj
 .debug_macro   0x00015c57       0x46 CMakeFiles/task3.dir/Core/Src/mpu6050.c.obj
 .debug_macro   0x00015c9d      0x1fa CMakeFiles/task3.dir/Core/Src/main.c.obj
 .debug_macro   0x00015e97      0x1de CMakeFiles/task3.dir/Core/Src/gpio.c.obj
 .debug_macro   0x00016075      0x1d8 CMakeFiles/task3.dir/Core/Src/i2c.c.obj
 .debug_macro   0x0001624d      0x1de CMakeFiles/task3.dir/Core/Src/tim.c.obj
 .debug_macro   0x0001642b      0x1de CMakeFiles/task3.dir/Core/Src/usart.c.obj
 .debug_macro   0x00016609      0x1de CMakeFiles/task3.dir/Core/Src/stm32f1xx_it.c.obj
 .debug_macro   0x000167e7      0x1d4 CMakeFiles/task3.dir/Core/Src/stm32f1xx_hal_msp.c.obj
 .debug_macro   0x000169bb      0x1fb CMakeFiles/task3.dir/Drivers/STM32F1xx_HAL_Driver/Src/stm32f1xx_hal_i2c.c.obj
 .debug_macro   0x00016bb6      0x1d1 CMakeFiles/task3.dir/Drivers/STM32F1xx_HAL_Driver/Src/stm32f1xx_hal.c.obj
 .debug_macro   0x00016d87      0x1bf CMakeFiles/task3.dir/Drivers/STM32F1xx_HAL_Driver/Src/stm32f1xx_hal_rcc.c.obj
 .debug_macro   0x00016f46      0x218 CMakeFiles/task3.dir/Drivers/STM32F1xx_HAL_Driver/Src/stm32f1xx_hal_gpio.c.obj
 .debug_macro   0x0001715e      0x1ad CMakeFiles/task3.dir/Drivers/STM32F1xx_HAL_Driver/Src/stm32f1xx_hal_cortex.c.obj
 .debug_macro   0x0001730b      0x1ae CMakeFiles/task3.dir/Drivers/STM32F1xx_HAL_Driver/Src/stm32f1xx_hal_tim.c.obj
 .debug_macro   0x000174b9      0x1ad CMakeFiles/task3.dir/Drivers/STM32F1xx_HAL_Driver/Src/stm32f1xx_hal_tim_ex.c.obj
 .debug_macro   0x00017666      0x1ae CMakeFiles/task3.dir/Drivers/STM32F1xx_HAL_Driver/Src/stm32f1xx_hal_uart.c.obj
 .debug_macro   0x00017814      0x1ad CMakeFiles/task3.dir/Core/Src/system_stm32f1xx.c.obj

.debug_line     0x00000000    0x11a05
 .debug_line    0x00000000      0x77d CMakeFiles/task3.dir/Core/Src/mpu6050.c.obj
 .debug_line    0x0000077d      0x7e1 CMakeFiles/task3.dir/Core/Src/main.c.obj
 .debug_line    0x00000f5e      0x6a4 CMakeFiles/task3.dir/Core/Src/gpio.c.obj
 .debug_line    0x00001602      0x707 CMakeFiles/task3.dir/Core/Src/i2c.c.obj
 .debug_line    0x00001d09      0x8b3 CMakeFiles/task3.dir/Core/Src/tim.c.obj
 .debug_line    0x000025bc      0x71a CMakeFiles/task3.dir/Core/Src/usart.c.obj
 .debug_line    0x00002cd6      0x755 CMakeFiles/task3.dir/Core/Src/stm32f1xx_it.c.obj
 .debug_line    0x0000342b      0x6a8 CMakeFiles/task3.dir/Core/Src/stm32f1xx_hal_msp.c.obj
 .debug_line    0x00003ad3     0x3b3d CMakeFiles/task3.dir/Drivers/STM32F1xx_HAL_Driver/Src/stm32f1xx_hal_i2c.c.obj
 .debug_line    0x00007610      0x940 CMakeFiles/task3.dir/Drivers/STM32F1xx_HAL_Driver/Src/stm32f1xx_hal.c.obj
 .debug_line    0x00007f50      0xdf9 CMakeFiles/task3.dir/Drivers/STM32F1xx_HAL_Driver/Src/stm32f1xx_hal_rcc.c.obj
 .debug_line    0x00008d49      0x99d CMakeFiles/task3.dir/Drivers/STM32F1xx_HAL_Driver/Src/stm32f1xx_hal_gpio.c.obj
 .debug_line    0x000096e6      0xb0a CMakeFiles/task3.dir/Drivers/STM32F1xx_HAL_Driver/Src/stm32f1xx_hal_cortex.c.obj
 .debug_line    0x0000a1f0     0x342e CMakeFiles/task3.dir/Drivers/STM32F1xx_HAL_Driver/Src/stm32f1xx_hal_tim.c.obj
 .debug_line    0x0000d61e     0x1804 CMakeFiles/task3.dir/Drivers/STM32F1xx_HAL_Driver/Src/stm32f1xx_hal_tim_ex.c.obj
 .debug_line    0x0000ee22     0x245c CMakeFiles/task3.dir/Drivers/STM32F1xx_HAL_Driver/Src/stm32f1xx_hal_uart.c.obj
 .debug_line    0x0001127e      0x70f CMakeFiles/task3.dir/Core/Src/system_stm32f1xx.c.obj
 .debug_line    0x0001198d       0x78 CMakeFiles/task3.dir/startup_stm32f103xb.s.obj

.debug_str      0x00000000    0x892aa
 .debug_str     0x00000000    0x892aa CMakeFiles/task3.dir/Core/Src/mpu6050.c.obj
                              0x85640 (size before relaxing)
 .debug_str     0x000892aa    0x8582c CMakeFiles/task3.dir/Core/Src/main.c.obj
 .debug_str     0x000892aa    0x85122 CMakeFiles/task3.dir/Core/Src/gpio.c.obj
 .debug_str     0x000892aa    0x85677 CMakeFiles/task3.dir/Core/Src/i2c.c.obj
 .debug_str     0x000892aa    0x8588f CMakeFiles/task3.dir/Core/Src/tim.c.obj
 .debug_str     0x000892aa    0x85610 CMakeFiles/task3.dir/Core/Src/usart.c.obj
 .debug_str     0x000892aa    0x85165 CMakeFiles/task3.dir/Core/Src/stm32f1xx_it.c.obj
 .debug_str     0x000892aa    0x85150 CMakeFiles/task3.dir/Core/Src/stm32f1xx_hal_msp.c.obj
 .debug_str     0x000892aa    0x8614c CMakeFiles/task3.dir/Drivers/STM32F1xx_HAL_Driver/Src/stm32f1xx_hal_i2c.c.obj
 .debug_str     0x000892aa    0x857b8 CMakeFiles/task3.dir/Drivers/STM32F1xx_HAL_Driver/Src/stm32f1xx_hal.c.obj
 .debug_str     0x000892aa    0x854b4 CMakeFiles/task3.dir/Drivers/STM32F1xx_HAL_Driver/Src/stm32f1xx_hal_rcc.c.obj
 .debug_str     0x000892aa    0x8540b CMakeFiles/task3.dir/Drivers/STM32F1xx_HAL_Driver/Src/stm32f1xx_hal_gpio.c.obj
 .debug_str     0x000892aa    0x85704 CMakeFiles/task3.dir/Drivers/STM32F1xx_HAL_Driver/Src/stm32f1xx_hal_cortex.c.obj
 .debug_str     0x000892aa    0x864b6 CMakeFiles/task3.dir/Drivers/STM32F1xx_HAL_Driver/Src/stm32f1xx_hal_tim.c.obj
 .debug_str     0x000892aa    0x85cc2 CMakeFiles/task3.dir/Drivers/STM32F1xx_HAL_Driver/Src/stm32f1xx_hal_tim_ex.c.obj
 .debug_str     0x000892aa    0x85b25 CMakeFiles/task3.dir/Drivers/STM32F1xx_HAL_Driver/Src/stm32f1xx_hal_uart.c.obj
 .debug_str     0x000892aa    0x85085 CMakeFiles/task3.dir/Core/Src/system_stm32f1xx.c.obj
 .debug_str     0x000892aa       0x8e CMakeFiles/task3.dir/startup_stm32f103xb.s.obj

.comment        0x00000000       0x45
 .comment       0x00000000       0x45 CMakeFiles/task3.dir/Core/Src/mpu6050.c.obj
                                 0x46 (size before relaxing)
 .comment       0x00000045       0x46 CMakeFiles/task3.dir/Core/Src/main.c.obj
 .comment       0x00000045       0x46 CMakeFiles/task3.dir/Core/Src/gpio.c.obj
 .comment       0x00000045       0x46 CMakeFiles/task3.dir/Core/Src/i2c.c.obj
 .comment       0x00000045       0x46 CMakeFiles/task3.dir/Core/Src/tim.c.obj
 .comment       0x00000045       0x46 CMakeFiles/task3.dir/Core/Src/usart.c.obj
 .comment       0x00000045       0x46 CMakeFiles/task3.dir/Core/Src/stm32f1xx_it.c.obj
 .comment       0x00000045       0x46 CMakeFiles/task3.dir/Core/Src/stm32f1xx_hal_msp.c.obj
 .comment       0x00000045       0x46 CMakeFiles/task3.dir/Drivers/STM32F1xx_HAL_Driver/Src/stm32f1xx_hal_i2c.c.obj
 .comment       0x00000045       0x46 CMakeFiles/task3.dir/Drivers/STM32F1xx_HAL_Driver/Src/stm32f1xx_hal.c.obj
 .comment       0x00000045       0x46 CMakeFiles/task3.dir/Drivers/STM32F1xx_HAL_Driver/Src/stm32f1xx_hal_rcc.c.obj
 .comment       0x00000045       0x46 CMakeFiles/task3.dir/Drivers/STM32F1xx_HAL_Driver/Src/stm32f1xx_hal_gpio.c.obj
 .comment       0x00000045       0x46 CMakeFiles/task3.dir/Drivers/STM32F1xx_HAL_Driver/Src/stm32f1xx_hal_cortex.c.obj
 .comment       0x00000045       0x46 CMakeFiles/task3.dir/Drivers/STM32F1xx_HAL_Driver/Src/stm32f1xx_hal_tim.c.obj
 .comment       0x00000045       0x46 CMakeFiles/task3.dir/Drivers/STM32F1xx_HAL_Driver/Src/stm32f1xx_hal_tim_ex.c.obj
 .comment       0x00000045       0x46 CMakeFiles/task3.dir/Drivers/STM32F1xx_HAL_Driver/Src/stm32f1xx_hal_uart.c.obj
 .comment       0x00000045       0x46 CMakeFiles/task3.dir/Core/Src/system_stm32f1xx.c.obj

.debug_line_str
                0x00000000      0x149
 .debug_line_str
                0x00000000      0x149 CMakeFiles/task3.dir/startup_stm32f103xb.s.obj
                                 0x72 (size before relaxing)
 .debug_line_str
                0x00000149       0xca C:/Users/34236/Downloads/softwares/arm-gnu-toolchain-13.3.rel1-mingw-w64-i686-arm-none-eabi/bin/../lib/gcc/arm-none-eabi/13.3.1/thumb/v7-m/nofp\libgcc.a(_arm_mulsf3.o)
 .debug_line_str
                0x00000149       0xca C:/Users/34236/Downloads/softwares/arm-gnu-toolchain-13.3.rel1-mingw-w64-i686-arm-none-eabi/bin/../lib/gcc/arm-none-eabi/13.3.1/thumb/v7-m/nofp\libgcc.a(_arm_addsubdf3.o)
 .debug_line_str
                0x00000149       0xca C:/Users/34236/Downloads/softwares/arm-gnu-toolchain-13.3.rel1-mingw-w64-i686-arm-none-eabi/bin/../lib/gcc/arm-none-eabi/13.3.1/thumb/v7-m/nofp\libgcc.a(_arm_muldivdf3.o)
 .debug_line_str
                0x00000149       0xca C:/Users/34236/Downloads/softwares/arm-gnu-toolchain-13.3.rel1-mingw-w64-i686-arm-none-eabi/bin/../lib/gcc/arm-none-eabi/13.3.1/thumb/v7-m/nofp\libgcc.a(_arm_cmpdf2.o)
 .debug_line_str
                0x00000149       0xca C:/Users/34236/Downloads/softwares/arm-gnu-toolchain-13.3.rel1-mingw-w64-i686-arm-none-eabi/bin/../lib/gcc/arm-none-eabi/13.3.1/thumb/v7-m/nofp\libgcc.a(_arm_truncdfsf2.o)
 .debug_line_str
                0x00000149       0xca C:/Users/34236/Downloads/softwares/arm-gnu-toolchain-13.3.rel1-mingw-w64-i686-arm-none-eabi/bin/../lib/gcc/arm-none-eabi/13.3.1/thumb/v7-m/nofp\libgcc.a(_arm_addsubsf3.o)
 .debug_line_str
                0x00000149       0xca C:/Users/34236/Downloads/softwares/arm-gnu-toolchain-13.3.rel1-mingw-w64-i686-arm-none-eabi/bin/../lib/gcc/arm-none-eabi/13.3.1/thumb/v7-m/nofp\libgcc.a(_arm_cmpsf2.o)
 .debug_line_str
                0x00000149       0xca C:/Users/34236/Downloads/softwares/arm-gnu-toolchain-13.3.rel1-mingw-w64-i686-arm-none-eabi/bin/../lib/gcc/arm-none-eabi/13.3.1/thumb/v7-m/nofp\libgcc.a(_arm_fixsfsi.o)
